riscv32-unknown-elf-as -march=rv32i -mabi=ilp32 ./test/Lab2_ex1/setup.s -o ./test/Lab2_ex1/setup.o
riscv32-unknown-elf-as -march=rv32i -mabi=ilp32 ./test/Lab2_ex1/main.s -o ./test/Lab2_ex1/main.o
riscv32-unknown-elf-ld -b elf32-littleriscv -T link.ld ./test/Lab2_ex1/setup.o ./test/Lab2_ex1/main.o -o ./test/Lab2_ex1/main.elf
riscv32-unknown-elf-objcopy -O verilog ./test/Lab2_ex1/main.elf ./test/Lab2_ex1/main.hex
riscv32-unknown-elf-objdump -xsd ./test/Lab2_ex1/main.elf > ./test/Lab2_ex1/main.dump
ncsim top_tb +PROG=Lab2_ex1
