riscv32-unknown-elf-as -march=rv32i -mabi=ilp32 ./test/Lab2_ex2/setup.s -o ./test/Lab2_ex2/setup.o
riscv32-unknown-elf-as -march=rv32i -mabi=ilp32 ./test/Lab2_ex2/main.s -o ./test/Lab2_ex2/main.o
riscv32-unknown-elf-ld -b elf32-littleriscv -T link.ld ./test/Lab2_ex2/setup.o ./test/Lab2_ex2/main.o -o./test/Lab2_ex2/main.elf
riscv32-unknown-elf-objcopy -O verilog ./test/Lab2_ex2/main.elf ./test/Lab2_ex2/main.hex
riscv32-unknown-elf-objdump -xsd ./test/Lab2_ex2/main.elf > ./test/Lab2_ex2/main.dump
ncsim top_tb +PROG=Lab2_ex2
